$ cre workflow simulate workflow --target staging-settings --non-interactive --trigger-index 0
Initializing...
Loading settings...
Checking RPC connectivity...
Compiling workflow...
✓ Workflow compiled
✓ Simulation limits enabled
  HTTP: req=120kb resp=250kb timeout=10s | ConfHTTP: req=125kb resp=500kb timeout=1m30s | Consensus obs=25kb | ChainWrite evm_report=50kb evm_gas=10000000 solana_report=265b solana_cu=300000 | WASM binary=100mb compressed=20mb
  Binary hash: 04d81ea7b39ec5aae460771d1cdf4ce428f9eb7c310d6f3e03f118e955df6961
  Config hash: 045c855fd8f1f609fe808f28101d1e322ea5c81a9c6b82836bdbe6704cab7ba5
2026-09-11T16:06:02Z [SIMULATION] Simulator Initialized

2026-09-11T16:06:02Z [SIMULATION] Running trigger trigger=cron-trigger@1.0.0
╭────────────────────────────────────────────────────────────────────────────────────────────────────╮
│ Trigger requested TEE Execution your trigger will run in one of the following Tees:                │
│     - AWS Nitro in us-west-2                                                                       │
│ The simulator is not a real TEE, and is meant to debug.                                            │
│ Do not use it for sensitive information.                                                           │
│ During real execution, user logs for this trigger will not be visible, and will not leave the TEE. │
│ They are presented in the simulator for debugging only.                                            │
│                                                                                                    │
╰────────────────────────────────────────────────────────────────────────────────────────────────────╯


✓ Workflow Simulation Result:
"{\"requestId\":\"0xa128f7281175cf1b31f8442b67d76410b6dfc913dcdacc68def70bf91c17e77f\",\"commitment\":\"0x47861ed9d1eeb75824f945d106de6f95cc7cf4e2a8a248468195b45436911e43\",\"approved\":true,\"expiresAt\":1789146362,\"encodedPayload\":\"0xa128f7281175cf1b31f8442b67d76410b6dfc913dcdacc68def70bf91c17e77f47861ed9d1eeb75824f945d106de6f95cc7cf4e2a8a248468195b45436911e430000000000000000000000000000000000000000000000000000000000000001000000000000000000000000000000000000000000000000000000006aa434fa\",\"reportGenerated\":true,\"deliveryRequested\":false}"

2026-09-11T16:06:02Z [SIMULATION] Execution finished signal received
2026-09-11T16:06:02Z [SIMULATION] Skipping WorkflowEngineV2

╭──────────────────────────────────────────────────────╮
│ Simulation complete! Ready to deploy your workflow?  │
│                                                      │
│ Run cre account access to request deployment access. │
╰──────────────────────────────────────────────────────╯
