Initializing...
Loading settings...
Checking RPC connectivity...
Compiling workflow...
✓ Workflow compiled
✓ Simulation limits enabled
  HTTP: req=120kb resp=250kb timeout=10s | ConfHTTP: req=125kb resp=500kb timeout=1m30s | Consensus obs=25kb | ChainWrite evm_report=50kb evm_gas=10000000 solana_report=265b solana_cu=300000 | WASM binary=100mb compressed=20mb
  Binary hash: 04d81ea7b39ec5aae460771d1cdf4ce428f9eb7c310d6f3e03f118e955df6961
  Config hash: 28cd1e30d28f43948d3ce96b40a285d4a5f4c255ddf7f4bf8503a6b5a17fdb3e
2026-09-11T16:06:44Z [SIMULATION] Simulator Initialized

2026-09-11T16:06:44Z [SIMULATION] Running trigger trigger=cron-trigger@1.0.0
╭────────────────────────────────────────────────────────────────────────────────────────────────────╮
│ Trigger requested TEE Execution your trigger will run in one of the following Tees:                │
│     - AWS Nitro in us-west-2                                                                       │
│ The simulator is not a real TEE, and is meant to debug.                                            │
│ Do not use it for sensitive information.                                                           │
│ During real execution, user logs for this trigger will not be visible, and will not leave the TEE. │
│ They are presented in the simulator for debugging only.                                            │
│                                                                                                    │
╰────────────────────────────────────────────────────────────────────────────────────────────────────╯


✓ Workflow Simulation Result:
"{\"requestId\":\"0x83a99b9d636bbafe8e6b4c445097fe8a097134c0459a31bc975f125795a884e0\",\"commitment\":\"0x5bf6f28b71778a12698a4b87cfd68c7f9b1941acf01ab527896feadfa7262e21\",\"approved\":false,\"expiresAt\":1789146404,\"encodedPayload\":\"0x83a99b9d636bbafe8e6b4c445097fe8a097134c0459a31bc975f125795a884e05bf6f28b71778a12698a4b87cfd68c7f9b1941acf01ab527896feadfa7262e210000000000000000000000000000000000000000000000000000000000000000000000000000000000000000000000000000000000000000000000006aa43524\",\"reportGenerated\":true,\"deliveryRequested\":false}"

2026-09-11T16:06:44Z [SIMULATION] Execution finished signal received
2026-09-11T16:06:44Z [SIMULATION] Skipping WorkflowEngineV2

╭──────────────────────────────────────────────────────╮
│ Simulation complete! Ready to deploy your workflow?  │
│                                                      │
│ Run cre account access to request deployment access. │
╰──────────────────────────────────────────────────────╯
