{
  "success": true,
  "base": "https://velum.aethe.me",
  "checks": [
    "batch budget reservation",
    "independent-check comparison",
    "duplicate held",
    "private/public disclosure",
    "receipt download",
    "budget change invalidates stale preview",
    "budget change recalculates decisions",
    "recorded receipt SHA-256 verified",
    "settlement balances visible",
    "approval",
    "over limit",
    "wrong recipient",
    "duplicate",
    "changed threshold",
    "recorded evidence visible",
    "390px mobile overflow",
    "no page errors"
  ]
}
